// Jest Snapshot v1, https://goo.gl/fbAQLP

exports[`should match previous snapshot 1`] = `
<DocumentFragment>
  <div
    class="Box"
  />
  <button>
    X
  </button>
</DocumentFragment>
`;
